******************************************************************************
                  TI ARM Linker Unix v18.1.2                   
******************************************************************************
>> Linked Mon Dec 10 12:36:22 2018

OUTPUT FILE NAME:   <Final_obs-bump.out>
ENTRY POINT SYMBOL: "_c_int00_noargs"  address: 00000e59


MEMORY CONFIGURATION

         name            origin    length      used     unused   attr    fill
----------------------  --------  ---------  --------  --------  ----  --------
  MAIN                  00000000   00040000  00000f0e  0003f0f2  R  X
  INFO                  00200000   00004000  00000000  00004000  R  X
  SRAM_CODE             01000000   00010000  00000248  0000fdb8  RW X
  SRAM_DATA             20000000   00010000  00000248  0000fdb8  RW  


SEGMENT ALLOCATION MAP

run origin  load origin   length   init length attrs members
----------  ----------- ---------- ----------- ----- -------
00000000    00000000    00000f10   00000f10    r-x
  00000000    00000000    000000e4   000000e4    r-- .intvecs
  000000e4    000000e4    00000de2   00000de2    r-x .text
  00000ec8    00000ec8    00000048   00000048    r-- .cinit
20000000    20000000    00000048   00000000    rw-
  20000000    20000000    00000038   00000000    rw- .data
  20000038    20000038    00000010   00000000    rw- .bss
2000fe00    2000fe00    00000200   00000000    rw-
  2000fe00    2000fe00    00000200   00000000    rw- .stack


SECTION ALLOCATION MAP

 output                                  attributes/
section   page    origin      length       input sections
--------  ----  ----------  ----------   ----------------
.intvecs   0    00000000    000000e4     
                  00000000    000000e4     startup_msp432p401r_ccs.obj (.intvecs:retain)

.text      0    000000e4    00000de2     
                  000000e4    000008f8     main.obj (.text)
                  000009dc    00000334     system_msp432p401r.obj (.text)
                  00000d10    0000009c     rtsv7M4_T_le_v4SPD16_eabi.lib : memcpy_t2.asm.obj (.text)
                  00000dac    00000068                                   : copy_decompress_lzss.c.obj (.text:decompress:lzss:__TI_decompress_lzss)
                  00000e14    00000044                                   : autoinit.c.obj (.text:__TI_auto_init_nobinit_nopinit:__TI_auto_init_nobinit_nopinit)
                  00000e58    00000038                                   : boot_cortex_m.c.obj (.text:_c_int00_noargs:_c_int00_noargs)
                  00000e90    00000012                                   : copy_zero_init.c.obj (.text:decompress:ZI:__TI_zero_init_nomemset:__TI_zero_init_nomemset)
                  00000ea2    0000000e                                   : copy_decompress_none.c.obj (.text:decompress:none:__TI_decompress_none)
                  00000eb0    0000000e     startup_msp432p401r_ccs.obj (.text)
                  00000ebe    00000004     rtsv7M4_T_le_v4SPD16_eabi.lib : pre_init.c.obj (.text:_system_pre_init)
                  00000ec2    00000004                                   : exit.c.obj (.text:abort:abort)

.cinit     0    00000ec8    00000048     
                  00000ec8    00000022     (.cinit..data.load) [load image, compression = lzss]
                  00000eea    00000002     --HOLE-- [fill = 0]
                  00000eec    0000000c     (__TI_handler_table)
                  00000ef8    00000008     (.cinit..bss.load) [load image, compression = zero_init]
                  00000f00    00000010     (__TI_cinit_table)

.init_array 
*          0    00000000    00000000     UNINITIALIZED

.binit     0    00000000    00000000     

.data      0    20000000    00000038     UNINITIALIZED
                  20000000    00000034     main.obj (.data)
                  20000034    00000004     system_msp432p401r.obj (.data)

.bss       0    20000038    00000010     UNINITIALIZED
                  20000038    00000004     (.common:elc)
                  2000003c    00000004     (.common:erc)
                  20000040    00000004     (.common:i)
                  20000044    00000004     (.common:ir_raw_adc)

.stack     0    2000fe00    00000200     UNINITIALIZED
                  2000fe00    00000004     rtsv7M4_T_le_v4SPD16_eabi.lib : boot_cortex_m.c.obj (.stack)
                  2000fe04    000001fc     --HOLE--

MODULE SUMMARY

       Module                        code   ro data   rw data
       ------                        ----   -------   -------
    ./
       main.obj                      2296   0         136    
       system_msp432p401r.obj        820    0         8      
       startup_msp432p401r_ccs.obj   14     228       0      
    +--+-----------------------------+------+---------+---------+
       Total:                        3130   228       144    
                                                             
    /Applications/ti/ccsv8/tools/compiler/ti-cgt-arm_18.1.2.LTS/lib/rtsv7M4_T_le_v4SPD16_eabi.lib
       memcpy_t2.asm.obj             156    0         0      
       copy_decompress_lzss.c.obj    104    0         0      
       autoinit.c.obj                68     0         0      
       boot_cortex_m.c.obj           56     0         0      
       copy_zero_init.c.obj          18     0         0      
       copy_decompress_none.c.obj    14     0         0      
       exit.c.obj                    4      0         0      
       pre_init.c.obj                4      0         0      
    +--+-----------------------------+------+---------+---------+
       Total:                        424    0         0      
                                                             
       Stack:                        0      0         1024   
       Linker Generated:             0      70        0      
    +--+-----------------------------+------+---------+---------+
       Grand Total:                  3554   298       1168   


LINKER GENERATED COPY TABLES

__TI_cinit_table @ 00000f00 records: 2, size/record: 8, table size: 16
	.data: load addr=00000ec8, load size=00000022 bytes, run addr=20000000, run size=00000038 bytes, compression=lzss
	.bss: load addr=00000ef8, load size=00000008 bytes, run addr=20000038, run size=00000010 bytes, compression=zero_init


LINKER GENERATED HANDLER TABLE

__TI_handler_table @ 00000eec records: 3, size/record: 4, table size: 12
	index: 0, handler: __TI_decompress_lzss
	index: 1, handler: __TI_decompress_none
	index: 2, handler: __TI_zero_init


GLOBAL SYMBOLS: SORTED ALPHABETICALLY BY Name 

address   name                          
-------   ----                          
00000ebd  ADC14_IRQHandler              
00000ebd  AES256_IRQHandler             
00000ebd  BusFault_Handler              
00000ec3  C$$EXIT                       
00000ebd  COMP_E0_IRQHandler            
00000ebd  COMP_E1_IRQHandler            
00000ebd  CS_IRQHandler                 
00000ebd  DMA_ERR_IRQHandler            
00000ebd  DMA_INT0_IRQHandler           
00000ebd  DMA_INT1_IRQHandler           
00000ebd  DMA_INT2_IRQHandler           
00000ebd  DMA_INT3_IRQHandler           
00000ebd  DebugMon_Handler              
00000ebd  Default_Handler               
00000ebd  EUSCIA0_IRQHandler            
00000ebd  EUSCIA1_IRQHandler            
00000ebd  EUSCIA2_IRQHandler            
00000ebd  EUSCIA3_IRQHandler            
00000ebd  EUSCIB0_IRQHandler            
00000ebd  EUSCIB1_IRQHandler            
00000ebd  EUSCIB2_IRQHandler            
00000ebd  EUSCIB3_IRQHandler            
00000ebd  FLCTL_IRQHandler              
00000ebd  FPU_IRQHandler                
00000ebd  HardFault_Handler             
00000ebd  MemManage_Handler             
00000ebd  NMI_Handler                   
00000ebd  PCM_IRQHandler                
00000ebd  PORT1_IRQHandler              
00000ebd  PORT2_IRQHandler              
00000ebd  PORT3_IRQHandler              
0000090d  PORT4_IRQHandler              
0000090d  PORT4_IRQHandler              
0000091b  PORT5_IRQHandler              
0000091b  PORT5_IRQHandler              
0000092b  PORT6_IRQHandler              
0000092b  PORT6_IRQHandler              
00000ebd  PSS_IRQHandler                
00000ebd  PendSV_Handler                
00000ebd  RTC_C_IRQHandler              
00000eb1  Reset_Handler                 
00000ebd  SVC_Handler                   
00000ebd  SysTick_Handler               
20000034  SystemCoreClock               
000009dd  SystemCoreClockUpdate         
00000c55  SystemInit                    
00000ebd  T32_INT1_IRQHandler           
00000ebd  T32_INT2_IRQHandler           
00000ebd  T32_INTC_IRQHandler           
00000ebd  TA0_0_IRQHandler              
00000ebd  TA0_N_IRQHandler              
00000ebd  TA1_0_IRQHandler              
00000ebd  TA1_N_IRQHandler              
00000ebd  TA2_0_IRQHandler              
00000ebd  TA2_N_IRQHandler              
00000ebd  TA3_0_IRQHandler              
00000ebd  TA3_N_IRQHandler              
00000ebd  UsageFault_Handler            
4000480c  WDTCTL_SYM                    
00000ebd  WDT_A_IRQHandler              
20010000  __STACK_END                   
00000200  __STACK_SIZE                  
00000f00  __TI_CINIT_Base               
00000f10  __TI_CINIT_Limit              
00000eec  __TI_Handler_Table_Base       
00000ef8  __TI_Handler_Table_Limit      
00000e15  __TI_auto_init_nobinit_nopinit
00000dad  __TI_decompress_lzss          
00000ea3  __TI_decompress_none          
ffffffff  __TI_pprof_out_hndl           
ffffffff  __TI_prof_data_size           
ffffffff  __TI_prof_data_start          
00000000  __TI_static_base__            
00000e91  __TI_zero_init_nomemset       
00000d11  __aeabi_memcpy                
00000d11  __aeabi_memcpy4               
00000d11  __aeabi_memcpy8               
ffffffff  __binit__                     
ffffffff  __c_args__                    
UNDEFED   __mpu_init                    
2000fe00  __stack                       
00000e59  _c_int00_noargs               
UNDEFED   _system_post_cinit            
00000ebf  _system_pre_init              
00000ec3  abort                         
000002f9  avoid_obstacle                
000004b9  avoid_obstacle_old            
000002e3  back_up                       
ffffffff  binit                         
2000000c  control_flag                  
2000001c  current2                      
20000020  current5                      
20000038  elc                           
000001ef  encoder_init                  
2000003c  erc                           
20000010  first                         
20000004  hit_flag                      
20000040  i                             
00000000  interruptVectors              
20000008  ir_flag                       
20000044  ir_raw_adc                    
0000064d  led_switch                    
000006bd  main                          
00000d11  memcpy                        
00000111  motor_init                    
20000000  period                        
20000014  sensor_2_count                
20000018  sensor_5_count                
00000691  set_speed                     
000002c7  straight                      
00000253  swerve_left                   
00000267  swerve_right                  
20000030  systick_calibration_reg       
20000024  systick_control_reg           
2000002c  systick_current_value_reg     
20000028  systick_reload_value_reg      
0000027b  turn_left                     
000002a1  turn_right                    


GLOBAL SYMBOLS: SORTED BY Symbol Address 

address   name                          
-------   ----                          
00000000  __TI_static_base__            
00000000  interruptVectors              
00000111  motor_init                    
000001ef  encoder_init                  
00000200  __STACK_SIZE                  
00000253  swerve_left                   
00000267  swerve_right                  
0000027b  turn_left                     
000002a1  turn_right                    
000002c7  straight                      
000002e3  back_up                       
000002f9  avoid_obstacle                
000004b9  avoid_obstacle_old            
0000064d  led_switch                    
00000691  set_speed                     
000006bd  main                          
0000090d  PORT4_IRQHandler              
0000090d  PORT4_IRQHandler              
0000091b  PORT5_IRQHandler              
0000091b  PORT5_IRQHandler              
0000092b  PORT6_IRQHandler              
0000092b  PORT6_IRQHandler              
000009dd  SystemCoreClockUpdate         
00000c55  SystemInit                    
00000d11  __aeabi_memcpy                
00000d11  __aeabi_memcpy4               
00000d11  __aeabi_memcpy8               
00000d11  memcpy                        
00000dad  __TI_decompress_lzss          
00000e15  __TI_auto_init_nobinit_nopinit
00000e59  _c_int00_noargs               
00000e91  __TI_zero_init_nomemset       
00000ea3  __TI_decompress_none          
00000eb1  Reset_Handler                 
00000ebd  ADC14_IRQHandler              
00000ebd  AES256_IRQHandler             
00000ebd  BusFault_Handler              
00000ebd  COMP_E0_IRQHandler            
00000ebd  COMP_E1_IRQHandler            
00000ebd  CS_IRQHandler                 
00000ebd  DMA_ERR_IRQHandler            
00000ebd  DMA_INT0_IRQHandler           
00000ebd  DMA_INT1_IRQHandler           
00000ebd  DMA_INT2_IRQHandler           
00000ebd  DMA_INT3_IRQHandler           
00000ebd  DebugMon_Handler              
00000ebd  Default_Handler               
00000ebd  EUSCIA0_IRQHandler            
00000ebd  EUSCIA1_IRQHandler            
00000ebd  EUSCIA2_IRQHandler            
00000ebd  EUSCIA3_IRQHandler            
00000ebd  EUSCIB0_IRQHandler            
00000ebd  EUSCIB1_IRQHandler            
00000ebd  EUSCIB2_IRQHandler            
00000ebd  EUSCIB3_IRQHandler            
00000ebd  FLCTL_IRQHandler              
00000ebd  FPU_IRQHandler                
00000ebd  HardFault_Handler             
00000ebd  MemManage_Handler             
00000ebd  NMI_Handler                   
00000ebd  PCM_IRQHandler                
00000ebd  PORT1_IRQHandler              
00000ebd  PORT2_IRQHandler              
00000ebd  PORT3_IRQHandler              
00000ebd  PSS_IRQHandler                
00000ebd  PendSV_Handler                
00000ebd  RTC_C_IRQHandler              
00000ebd  SVC_Handler                   
00000ebd  SysTick_Handler               
00000ebd  T32_INT1_IRQHandler           
00000ebd  T32_INT2_IRQHandler           
00000ebd  T32_INTC_IRQHandler           
00000ebd  TA0_0_IRQHandler              
00000ebd  TA0_N_IRQHandler              
00000ebd  TA1_0_IRQHandler              
00000ebd  TA1_N_IRQHandler              
00000ebd  TA2_0_IRQHandler              
00000ebd  TA2_N_IRQHandler              
00000ebd  TA3_0_IRQHandler              
00000ebd  TA3_N_IRQHandler              
00000ebd  UsageFault_Handler            
00000ebd  WDT_A_IRQHandler              
00000ebf  _system_pre_init              
00000ec3  C$$EXIT                       
00000ec3  abort                         
00000eec  __TI_Handler_Table_Base       
00000ef8  __TI_Handler_Table_Limit      
00000f00  __TI_CINIT_Base               
00000f10  __TI_CINIT_Limit              
20000000  period                        
20000004  hit_flag                      
20000008  ir_flag                       
2000000c  control_flag                  
20000010  first                         
20000014  sensor_2_count                
20000018  sensor_5_count                
2000001c  current2                      
20000020  current5                      
20000024  systick_control_reg           
20000028  systick_reload_value_reg      
2000002c  systick_current_value_reg     
20000030  systick_calibration_reg       
20000034  SystemCoreClock               
20000038  elc                           
2000003c  erc                           
20000040  i                             
20000044  ir_raw_adc                    
2000fe00  __stack                       
20010000  __STACK_END                   
4000480c  WDTCTL_SYM                    
ffffffff  __TI_pprof_out_hndl           
ffffffff  __TI_prof_data_size           
ffffffff  __TI_prof_data_start          
ffffffff  __binit__                     
ffffffff  __c_args__                    
ffffffff  binit                         
UNDEFED   __mpu_init                    
UNDEFED   _system_post_cinit            

[118 symbols]
