******************************************************************************
                  TI ARM Linker Unix v18.1.2                   
******************************************************************************
>> Linked Mon Dec 10 10:23:32 2018

OUTPUT FILE NAME:   <Final_dead_reckon.out>
ENTRY POINT SYMBOL: "_c_int00_noargs"  address: 00000989


MEMORY CONFIGURATION

         name            origin    length      used     unused   attr    fill
----------------------  --------  ---------  --------  --------  ----  --------
  MAIN                  00000000   00040000  00000a36  0003f5ca  R  X
  INFO                  00200000   00004000  00000000  00004000  R  X
  SRAM_CODE             01000000   00010000  00000234  0000fdcc  RW X
  SRAM_DATA             20000000   00010000  00000234  0000fdcc  RW  


SEGMENT ALLOCATION MAP

run origin  load origin   length   init length attrs members
----------  ----------- ---------- ----------- ----- -------
00000000    00000000    00000a38   00000a38    r-x
  00000000    00000000    000000e4   000000e4    r-- .intvecs
  000000e4    000000e4    00000912   00000912    r-x .text
  000009f8    000009f8    00000040   00000040    r-- .cinit
20000000    20000000    00000034   00000000    rw-
  20000000    20000000    00000030   00000000    rw- .data
  20000030    20000030    00000004   00000000    rw- .bss
2000fe00    2000fe00    00000200   00000000    rw-
  2000fe00    2000fe00    00000200   00000000    rw- .stack


SECTION ALLOCATION MAP

 output                                  attributes/
section   page    origin      length       input sections
--------  ----  ----------  ----------   ----------------
.intvecs   0    00000000    000000e4     
                  00000000    000000e4     startup_msp432p401r_ccs.obj (.intvecs:retain)

.text      0    000000e4    00000912     
                  000000e4    00000428     main.obj (.text)
                  0000050c    00000334     system_msp432p401r.obj (.text)
                  00000840    0000009c     rtsv7M4_T_le_v4SPD16_eabi.lib : memcpy_t2.asm.obj (.text)
                  000008dc    00000068                                   : copy_decompress_lzss.c.obj (.text:decompress:lzss:__TI_decompress_lzss)
                  00000944    00000044                                   : autoinit.c.obj (.text:__TI_auto_init_nobinit_nopinit:__TI_auto_init_nobinit_nopinit)
                  00000988    00000038                                   : boot_cortex_m.c.obj (.text:_c_int00_noargs:_c_int00_noargs)
                  000009c0    00000012                                   : copy_zero_init.c.obj (.text:decompress:ZI:__TI_zero_init_nomemset:__TI_zero_init_nomemset)
                  000009d2    0000000e                                   : copy_decompress_none.c.obj (.text:decompress:none:__TI_decompress_none)
                  000009e0    0000000e     startup_msp432p401r_ccs.obj (.text)
                  000009ee    00000004     rtsv7M4_T_le_v4SPD16_eabi.lib : pre_init.c.obj (.text:_system_pre_init)
                  000009f2    00000004                                   : exit.c.obj (.text:abort:abort)

.cinit     0    000009f8    00000040     
                  000009f8    00000017     (.cinit..data.load) [load image, compression = lzss]
                  00000a0f    00000001     --HOLE-- [fill = 0]
                  00000a10    0000000c     (__TI_handler_table)
                  00000a1c    00000004     --HOLE-- [fill = 0]
                  00000a20    00000008     (.cinit..bss.load) [load image, compression = zero_init]
                  00000a28    00000010     (__TI_cinit_table)

.init_array 
*          0    00000000    00000000     UNINITIALIZED

.binit     0    00000000    00000000     

.data      0    20000000    00000030     UNINITIALIZED
                  20000000    0000002c     main.obj (.data)
                  2000002c    00000004     system_msp432p401r.obj (.data)

.bss       0    20000030    00000004     UNINITIALIZED
                  20000030    00000004     (.common:i)

.stack     0    2000fe00    00000200     UNINITIALIZED
                  2000fe00    00000004     rtsv7M4_T_le_v4SPD16_eabi.lib : boot_cortex_m.c.obj (.stack)
                  2000fe04    000001fc     --HOLE--

MODULE SUMMARY

       Module                        code   ro data   rw data
       ------                        ----   -------   -------
    ./
       main.obj                      1064   0         96     
       system_msp432p401r.obj        820    0         8      
       startup_msp432p401r_ccs.obj   14     228       0      
    +--+-----------------------------+------+---------+---------+
       Total:                        1898   228       104    
                                                             
    /Applications/ti/ccsv8/tools/compiler/ti-cgt-arm_18.1.2.LTS/lib/rtsv7M4_T_le_v4SPD16_eabi.lib
       memcpy_t2.asm.obj             156    0         0      
       copy_decompress_lzss.c.obj    104    0         0      
       autoinit.c.obj                68     0         0      
       boot_cortex_m.c.obj           56     0         0      
       copy_zero_init.c.obj          18     0         0      
       copy_decompress_none.c.obj    14     0         0      
       exit.c.obj                    4      0         0      
       pre_init.c.obj                4      0         0      
    +--+-----------------------------+------+---------+---------+
       Total:                        424    0         0      
                                                             
       Stack:                        0      0         1024   
       Linker Generated:             0      59        0      
    +--+-----------------------------+------+---------+---------+
       Grand Total:                  2322   287       1128   


LINKER GENERATED COPY TABLES

__TI_cinit_table @ 00000a28 records: 2, size/record: 8, table size: 16
	.data: load addr=000009f8, load size=00000017 bytes, run addr=20000000, run size=00000030 bytes, compression=lzss
	.bss: load addr=00000a20, load size=00000008 bytes, run addr=20000030, run size=00000004 bytes, compression=zero_init


LINKER GENERATED HANDLER TABLE

__TI_handler_table @ 00000a10 records: 3, size/record: 4, table size: 12
	index: 0, handler: __TI_decompress_lzss
	index: 1, handler: __TI_decompress_none
	index: 2, handler: __TI_zero_init


GLOBAL SYMBOLS: SORTED ALPHABETICALLY BY Name 

address   name                          
-------   ----                          
000009ed  ADC14_IRQHandler              
000009ed  AES256_IRQHandler             
000009ed  BusFault_Handler              
000009f3  C$$EXIT                       
000009ed  COMP_E0_IRQHandler            
000009ed  COMP_E1_IRQHandler            
000009ed  CS_IRQHandler                 
000009ed  DMA_ERR_IRQHandler            
000009ed  DMA_INT0_IRQHandler           
000009ed  DMA_INT1_IRQHandler           
000009ed  DMA_INT2_IRQHandler           
000009ed  DMA_INT3_IRQHandler           
000009ed  DebugMon_Handler              
000009ed  Default_Handler               
000009ed  EUSCIA0_IRQHandler            
000009ed  EUSCIA1_IRQHandler            
000009ed  EUSCIA2_IRQHandler            
000009ed  EUSCIA3_IRQHandler            
000009ed  EUSCIB0_IRQHandler            
000009ed  EUSCIB1_IRQHandler            
000009ed  EUSCIB2_IRQHandler            
000009ed  EUSCIB3_IRQHandler            
000009ed  FLCTL_IRQHandler              
000009ed  FPU_IRQHandler                
000009ed  HardFault_Handler             
000009ed  MemManage_Handler             
000009ed  NMI_Handler                   
000009ed  PCM_IRQHandler                
000009ed  PORT1_IRQHandler              
000009ed  PORT2_IRQHandler              
000009ed  PORT3_IRQHandler              
000003af  PORT4_IRQHandler              
000003af  PORT4_IRQHandler              
000003b7  PORT5_IRQHandler              
000003b7  PORT5_IRQHandler              
000003c7  PORT6_IRQHandler              
000003c7  PORT6_IRQHandler              
000009ed  PSS_IRQHandler                
000009ed  PendSV_Handler                
000009ed  RTC_C_IRQHandler              
000009e1  Reset_Handler                 
000009ed  SVC_Handler                   
000009ed  SysTick_Handler               
2000002c  SystemCoreClock               
0000050d  SystemCoreClockUpdate         
00000785  SystemInit                    
000009ed  T32_INT1_IRQHandler           
000009ed  T32_INT2_IRQHandler           
000009ed  T32_INTC_IRQHandler           
000009ed  TA0_0_IRQHandler              
000009ed  TA0_N_IRQHandler              
00000445  TA1_0_IRQHandler              
00000445  TA1_0_IRQHandler              
000009ed  TA1_N_IRQHandler              
000009ed  TA2_0_IRQHandler              
000009ed  TA2_N_IRQHandler              
000009ed  TA3_0_IRQHandler              
000009ed  TA3_N_IRQHandler              
000009ed  UsageFault_Handler            
4000480c  WDTCTL_SYM                    
000009ed  WDT_A_IRQHandler              
20010000  __STACK_END                   
00000200  __STACK_SIZE                  
00000a28  __TI_CINIT_Base               
00000a38  __TI_CINIT_Limit              
00000a10  __TI_Handler_Table_Base       
00000a1c  __TI_Handler_Table_Limit      
00000945  __TI_auto_init_nobinit_nopinit
000008dd  __TI_decompress_lzss          
000009d3  __TI_decompress_none          
ffffffff  __TI_pprof_out_hndl           
ffffffff  __TI_prof_data_size           
ffffffff  __TI_prof_data_start          
00000000  __TI_static_base__            
000009c1  __TI_zero_init_nomemset       
00000841  __aeabi_memcpy                
00000841  __aeabi_memcpy4               
00000841  __aeabi_memcpy8               
ffffffff  __binit__                     
ffffffff  __c_args__                    
UNDEFED   __mpu_init                    
2000fe00  __stack                       
00000989  _c_int00_noargs               
UNDEFED   _system_post_cinit            
000009ef  _system_pre_init              
000009f3  abort                         
000001c5  adjust_speeds                 
ffffffff  binit                         
20000028  current_task                  
2000000c  elc                           
20000008  erc                           
20000018  go_flag                       
00000111  go_straight                   
20000030  i                             
00000000  interruptVectors              
20000024  left_flag                     
20000010  left_speed                    
00000229  main                          
00000841  memcpy                        
20000000  period                        
20000020  right_flag                    
20000014  right_speed                   
2000001c  straight_flag                 
20000004  test                          
00000139  turn_right                    


GLOBAL SYMBOLS: SORTED BY Symbol Address 

address   name                          
-------   ----                          
00000000  __TI_static_base__            
00000000  interruptVectors              
00000111  go_straight                   
00000139  turn_right                    
000001c5  adjust_speeds                 
00000200  __STACK_SIZE                  
00000229  main                          
000003af  PORT4_IRQHandler              
000003af  PORT4_IRQHandler              
000003b7  PORT5_IRQHandler              
000003b7  PORT5_IRQHandler              
000003c7  PORT6_IRQHandler              
000003c7  PORT6_IRQHandler              
00000445  TA1_0_IRQHandler              
00000445  TA1_0_IRQHandler              
0000050d  SystemCoreClockUpdate         
00000785  SystemInit                    
00000841  __aeabi_memcpy                
00000841  __aeabi_memcpy4               
00000841  __aeabi_memcpy8               
00000841  memcpy                        
000008dd  __TI_decompress_lzss          
00000945  __TI_auto_init_nobinit_nopinit
00000989  _c_int00_noargs               
000009c1  __TI_zero_init_nomemset       
000009d3  __TI_decompress_none          
000009e1  Reset_Handler                 
000009ed  ADC14_IRQHandler              
000009ed  AES256_IRQHandler             
000009ed  BusFault_Handler              
000009ed  COMP_E0_IRQHandler            
000009ed  COMP_E1_IRQHandler            
000009ed  CS_IRQHandler                 
000009ed  DMA_ERR_IRQHandler            
000009ed  DMA_INT0_IRQHandler           
000009ed  DMA_INT1_IRQHandler           
000009ed  DMA_INT2_IRQHandler           
000009ed  DMA_INT3_IRQHandler           
000009ed  DebugMon_Handler              
000009ed  Default_Handler               
000009ed  EUSCIA0_IRQHandler            
000009ed  EUSCIA1_IRQHandler            
000009ed  EUSCIA2_IRQHandler            
000009ed  EUSCIA3_IRQHandler            
000009ed  EUSCIB0_IRQHandler            
000009ed  EUSCIB1_IRQHandler            
000009ed  EUSCIB2_IRQHandler            
000009ed  EUSCIB3_IRQHandler            
000009ed  FLCTL_IRQHandler              
000009ed  FPU_IRQHandler                
000009ed  HardFault_Handler             
000009ed  MemManage_Handler             
000009ed  NMI_Handler                   
000009ed  PCM_IRQHandler                
000009ed  PORT1_IRQHandler              
000009ed  PORT2_IRQHandler              
000009ed  PORT3_IRQHandler              
000009ed  PSS_IRQHandler                
000009ed  PendSV_Handler                
000009ed  RTC_C_IRQHandler              
000009ed  SVC_Handler                   
000009ed  SysTick_Handler               
000009ed  T32_INT1_IRQHandler           
000009ed  T32_INT2_IRQHandler           
000009ed  T32_INTC_IRQHandler           
000009ed  TA0_0_IRQHandler              
000009ed  TA0_N_IRQHandler              
000009ed  TA1_N_IRQHandler              
000009ed  TA2_0_IRQHandler              
000009ed  TA2_N_IRQHandler              
000009ed  TA3_0_IRQHandler              
000009ed  TA3_N_IRQHandler              
000009ed  UsageFault_Handler            
000009ed  WDT_A_IRQHandler              
000009ef  _system_pre_init              
000009f3  C$$EXIT                       
000009f3  abort                         
00000a10  __TI_Handler_Table_Base       
00000a1c  __TI_Handler_Table_Limit      
00000a28  __TI_CINIT_Base               
00000a38  __TI_CINIT_Limit              
20000000  period                        
20000004  test                          
20000008  erc                           
2000000c  elc                           
20000010  left_speed                    
20000014  right_speed                   
20000018  go_flag                       
2000001c  straight_flag                 
20000020  right_flag                    
20000024  left_flag                     
20000028  current_task                  
2000002c  SystemCoreClock               
20000030  i                             
2000fe00  __stack                       
20010000  __STACK_END                   
4000480c  WDTCTL_SYM                    
ffffffff  __TI_pprof_out_hndl           
ffffffff  __TI_prof_data_size           
ffffffff  __TI_prof_data_start          
ffffffff  __binit__                     
ffffffff  __c_args__                    
ffffffff  binit                         
UNDEFED   __mpu_init                    
UNDEFED   _system_post_cinit            

[105 symbols]
