******************************************************************************
                  TI ARM Linker Unix v18.1.2                   
******************************************************************************
>> Linked Mon Dec 10 11:54:51 2018

OUTPUT FILE NAME:   <Final_avoid_walls.out>
ENTRY POINT SYMBOL: "_c_int00_noargs"  address: 00000949


MEMORY CONFIGURATION

         name            origin    length      used     unused   attr    fill
----------------------  --------  ---------  --------  --------  ----  --------
  MAIN                  00000000   00040000  000009fe  0003f602  R  X
  INFO                  00200000   00004000  00000000  00004000  R  X
  SRAM_CODE             01000000   00010000  0000023c  0000fdc4  RW X
  SRAM_DATA             20000000   00010000  0000023c  0000fdc4  RW  


SEGMENT ALLOCATION MAP

run origin  load origin   length   init length attrs members
----------  ----------- ---------- ----------- ----- -------
00000000    00000000    00000a00   00000a00    r-x
  00000000    00000000    000000e4   000000e4    r-- .intvecs
  000000e4    000000e4    000008d2   000008d2    r-x .text
  000009b8    000009b8    00000048   00000048    r-- .cinit
20000000    20000000    0000003c   00000000    rw-
  20000000    20000000    00000028   00000000    rw- .data
  20000028    20000028    00000014   00000000    rw- .bss
2000fe00    2000fe00    00000200   00000000    rw-
  2000fe00    2000fe00    00000200   00000000    rw- .stack


SECTION ALLOCATION MAP

 output                                  attributes/
section   page    origin      length       input sections
--------  ----  ----------  ----------   ----------------
.intvecs   0    00000000    000000e4     
                  00000000    000000e4     startup_msp432p401r_ccs.obj (.intvecs:retain)

.text      0    000000e4    000008d2     
                  000000e4    000003e8     main.obj (.text)
                  000004cc    00000334     system_msp432p401r.obj (.text)
                  00000800    0000009c     rtsv7M4_T_le_v4SPD16_eabi.lib : memcpy_t2.asm.obj (.text)
                  0000089c    00000068                                   : copy_decompress_lzss.c.obj (.text:decompress:lzss:__TI_decompress_lzss)
                  00000904    00000044                                   : autoinit.c.obj (.text:__TI_auto_init_nobinit_nopinit:__TI_auto_init_nobinit_nopinit)
                  00000948    00000038                                   : boot_cortex_m.c.obj (.text:_c_int00_noargs:_c_int00_noargs)
                  00000980    00000012                                   : copy_zero_init.c.obj (.text:decompress:ZI:__TI_zero_init_nomemset:__TI_zero_init_nomemset)
                  00000992    0000000e                                   : copy_decompress_none.c.obj (.text:decompress:none:__TI_decompress_none)
                  000009a0    0000000e     startup_msp432p401r_ccs.obj (.text)
                  000009ae    00000004     rtsv7M4_T_le_v4SPD16_eabi.lib : pre_init.c.obj (.text:_system_pre_init)
                  000009b2    00000004                                   : exit.c.obj (.text:abort:abort)

.cinit     0    000009b8    00000048     
                  000009b8    0000001d     (.cinit..data.load) [load image, compression = lzss]
                  000009d5    00000003     --HOLE-- [fill = 0]
                  000009d8    0000000c     (__TI_handler_table)
                  000009e4    00000004     --HOLE-- [fill = 0]
                  000009e8    00000008     (.cinit..bss.load) [load image, compression = zero_init]
                  000009f0    00000010     (__TI_cinit_table)

.init_array 
*          0    00000000    00000000     UNINITIALIZED

.binit     0    00000000    00000000     

.data      0    20000000    00000028     UNINITIALIZED
                  20000000    00000024     main.obj (.data)
                  20000024    00000004     system_msp432p401r.obj (.data)

.bss       0    20000028    00000014     UNINITIALIZED
                  20000028    00000004     (.common:difference)
                  2000002c    00000004     (.common:front_ir_adc)
                  20000030    00000004     (.common:i)
                  20000034    00000004     (.common:left_ir_adc)
                  20000038    00000004     (.common:right_ir_adc)

.stack     0    2000fe00    00000200     UNINITIALIZED
                  2000fe00    00000004     rtsv7M4_T_le_v4SPD16_eabi.lib : boot_cortex_m.c.obj (.stack)
                  2000fe04    000001fc     --HOLE--

MODULE SUMMARY

       Module                        code   ro data   rw data
       ------                        ----   -------   -------
    ./
       main.obj                      1000   0         112    
       system_msp432p401r.obj        820    0         8      
       startup_msp432p401r_ccs.obj   14     228       0      
    +--+-----------------------------+------+---------+---------+
       Total:                        1834   228       120    
                                                             
    /Applications/ti/ccsv8/tools/compiler/ti-cgt-arm_18.1.2.LTS/lib/rtsv7M4_T_le_v4SPD16_eabi.lib
       memcpy_t2.asm.obj             156    0         0      
       copy_decompress_lzss.c.obj    104    0         0      
       autoinit.c.obj                68     0         0      
       boot_cortex_m.c.obj           56     0         0      
       copy_zero_init.c.obj          18     0         0      
       copy_decompress_none.c.obj    14     0         0      
       exit.c.obj                    4      0         0      
       pre_init.c.obj                4      0         0      
    +--+-----------------------------+------+---------+---------+
       Total:                        424    0         0      
                                                             
       Stack:                        0      0         1024   
       Linker Generated:             0      65        0      
    +--+-----------------------------+------+---------+---------+
       Grand Total:                  2258   293       1144   


LINKER GENERATED COPY TABLES

__TI_cinit_table @ 000009f0 records: 2, size/record: 8, table size: 16
	.data: load addr=000009b8, load size=0000001d bytes, run addr=20000000, run size=00000028 bytes, compression=lzss
	.bss: load addr=000009e8, load size=00000008 bytes, run addr=20000028, run size=00000014 bytes, compression=zero_init


LINKER GENERATED HANDLER TABLE

__TI_handler_table @ 000009d8 records: 3, size/record: 4, table size: 12
	index: 0, handler: __TI_decompress_lzss
	index: 1, handler: __TI_decompress_none
	index: 2, handler: __TI_zero_init


GLOBAL SYMBOLS: SORTED ALPHABETICALLY BY Name 

address   name                          
-------   ----                          
000009ad  ADC14_IRQHandler              
000009ad  AES256_IRQHandler             
000009ad  BusFault_Handler              
000009b3  C$$EXIT                       
000009ad  COMP_E0_IRQHandler            
000009ad  COMP_E1_IRQHandler            
000009ad  CS_IRQHandler                 
000009ad  DMA_ERR_IRQHandler            
000009ad  DMA_INT0_IRQHandler           
000009ad  DMA_INT1_IRQHandler           
000009ad  DMA_INT2_IRQHandler           
000009ad  DMA_INT3_IRQHandler           
000009ad  DebugMon_Handler              
000009ad  Default_Handler               
000009ad  EUSCIA0_IRQHandler            
000009ad  EUSCIA1_IRQHandler            
000009ad  EUSCIA2_IRQHandler            
000009ad  EUSCIA3_IRQHandler            
000009ad  EUSCIB0_IRQHandler            
000009ad  EUSCIB1_IRQHandler            
000009ad  EUSCIB2_IRQHandler            
000009ad  EUSCIB3_IRQHandler            
000009ad  FLCTL_IRQHandler              
000009ad  FPU_IRQHandler                
000009ad  HardFault_Handler             
000009ad  MemManage_Handler             
000009ad  NMI_Handler                   
000009ad  PCM_IRQHandler                
000009ad  PORT1_IRQHandler              
000009ad  PORT2_IRQHandler              
000009ad  PORT3_IRQHandler              
000009ad  PORT4_IRQHandler              
000009ad  PORT5_IRQHandler              
000009ad  PORT6_IRQHandler              
000009ad  PSS_IRQHandler                
000009ad  PendSV_Handler                
000009ad  RTC_C_IRQHandler              
000009a1  Reset_Handler                 
000009ad  SVC_Handler                   
000009ad  SysTick_Handler               
20000024  SystemCoreClock               
000004cd  SystemCoreClockUpdate         
00000745  SystemInit                    
000009ad  T32_INT1_IRQHandler           
000009ad  T32_INT2_IRQHandler           
000009ad  T32_INTC_IRQHandler           
000009ad  TA0_0_IRQHandler              
000009ad  TA0_N_IRQHandler              
000009ad  TA1_0_IRQHandler              
000009ad  TA1_N_IRQHandler              
000009ad  TA2_0_IRQHandler              
000009ad  TA2_N_IRQHandler              
000009ad  TA3_0_IRQHandler              
000009ad  TA3_N_IRQHandler              
000009ad  UsageFault_Handler            
4000480c  WDTCTL_SYM                    
000009ad  WDT_A_IRQHandler              
20010000  __STACK_END                   
00000200  __STACK_SIZE                  
000009f0  __TI_CINIT_Base               
00000a00  __TI_CINIT_Limit              
000009d8  __TI_Handler_Table_Base       
000009e4  __TI_Handler_Table_Limit      
00000905  __TI_auto_init_nobinit_nopinit
0000089d  __TI_decompress_lzss          
00000993  __TI_decompress_none          
ffffffff  __TI_pprof_out_hndl           
ffffffff  __TI_prof_data_size           
ffffffff  __TI_prof_data_start          
00000000  __TI_static_base__            
00000981  __TI_zero_init_nomemset       
00000801  __aeabi_memcpy                
00000801  __aeabi_memcpy4               
00000801  __aeabi_memcpy8               
ffffffff  __binit__                     
ffffffff  __c_args__                    
UNDEFED   __mpu_init                    
2000fe00  __stack                       
00000949  _c_int00_noargs               
UNDEFED   _system_post_cinit            
000009af  _system_pre_init              
000009b3  abort                         
ffffffff  binit                         
20000028  difference                    
2000002c  front_ir_adc                  
20000008  front_ir_flag                 
20000004  hit_flag                      
20000030  i                             
00000000  interruptVectors              
20000034  left_ir_adc                   
20000010  left_ir_flag                  
00000111  main                          
00000801  memcpy                        
20000000  period                        
20000038  right_ir_adc                  
2000000c  right_ir_flag                 
20000020  systick_calibration_reg       
20000014  systick_control_reg           
2000001c  systick_current_value_reg     
20000018  systick_reload_value_reg      


GLOBAL SYMBOLS: SORTED BY Symbol Address 

address   name                          
-------   ----                          
00000000  __TI_static_base__            
00000000  interruptVectors              
00000111  main                          
00000200  __STACK_SIZE                  
000004cd  SystemCoreClockUpdate         
00000745  SystemInit                    
00000801  __aeabi_memcpy                
00000801  __aeabi_memcpy4               
00000801  __aeabi_memcpy8               
00000801  memcpy                        
0000089d  __TI_decompress_lzss          
00000905  __TI_auto_init_nobinit_nopinit
00000949  _c_int00_noargs               
00000981  __TI_zero_init_nomemset       
00000993  __TI_decompress_none          
000009a1  Reset_Handler                 
000009ad  ADC14_IRQHandler              
000009ad  AES256_IRQHandler             
000009ad  BusFault_Handler              
000009ad  COMP_E0_IRQHandler            
000009ad  COMP_E1_IRQHandler            
000009ad  CS_IRQHandler                 
000009ad  DMA_ERR_IRQHandler            
000009ad  DMA_INT0_IRQHandler           
000009ad  DMA_INT1_IRQHandler           
000009ad  DMA_INT2_IRQHandler           
000009ad  DMA_INT3_IRQHandler           
000009ad  DebugMon_Handler              
000009ad  Default_Handler               
000009ad  EUSCIA0_IRQHandler            
000009ad  EUSCIA1_IRQHandler            
000009ad  EUSCIA2_IRQHandler            
000009ad  EUSCIA3_IRQHandler            
000009ad  EUSCIB0_IRQHandler            
000009ad  EUSCIB1_IRQHandler            
000009ad  EUSCIB2_IRQHandler            
000009ad  EUSCIB3_IRQHandler            
000009ad  FLCTL_IRQHandler              
000009ad  FPU_IRQHandler                
000009ad  HardFault_Handler             
000009ad  MemManage_Handler             
000009ad  NMI_Handler                   
000009ad  PCM_IRQHandler                
000009ad  PORT1_IRQHandler              
000009ad  PORT2_IRQHandler              
000009ad  PORT3_IRQHandler              
000009ad  PORT4_IRQHandler              
000009ad  PORT5_IRQHandler              
000009ad  PORT6_IRQHandler              
000009ad  PSS_IRQHandler                
000009ad  PendSV_Handler                
000009ad  RTC_C_IRQHandler              
000009ad  SVC_Handler                   
000009ad  SysTick_Handler               
000009ad  T32_INT1_IRQHandler           
000009ad  T32_INT2_IRQHandler           
000009ad  T32_INTC_IRQHandler           
000009ad  TA0_0_IRQHandler              
000009ad  TA0_N_IRQHandler              
000009ad  TA1_0_IRQHandler              
000009ad  TA1_N_IRQHandler              
000009ad  TA2_0_IRQHandler              
000009ad  TA2_N_IRQHandler              
000009ad  TA3_0_IRQHandler              
000009ad  TA3_N_IRQHandler              
000009ad  UsageFault_Handler            
000009ad  WDT_A_IRQHandler              
000009af  _system_pre_init              
000009b3  C$$EXIT                       
000009b3  abort                         
000009d8  __TI_Handler_Table_Base       
000009e4  __TI_Handler_Table_Limit      
000009f0  __TI_CINIT_Base               
00000a00  __TI_CINIT_Limit              
20000000  period                        
20000004  hit_flag                      
20000008  front_ir_flag                 
2000000c  right_ir_flag                 
20000010  left_ir_flag                  
20000014  systick_control_reg           
20000018  systick_reload_value_reg      
2000001c  systick_current_value_reg     
20000020  systick_calibration_reg       
20000024  SystemCoreClock               
20000028  difference                    
2000002c  front_ir_adc                  
20000030  i                             
20000034  left_ir_adc                   
20000038  right_ir_adc                  
2000fe00  __stack                       
20010000  __STACK_END                   
4000480c  WDTCTL_SYM                    
ffffffff  __TI_pprof_out_hndl           
ffffffff  __TI_prof_data_size           
ffffffff  __TI_prof_data_start          
ffffffff  __binit__                     
ffffffff  __c_args__                    
ffffffff  binit                         
UNDEFED   __mpu_init                    
UNDEFED   _system_post_cinit            

[100 symbols]
